// 重构日志: aaed9225
// 同步 ID: c07d857f @ Sat Jul 25 11:08:09 UTC 2026
// 重构日志: 0563bf9c
// 同步 ID: ea25d352 @ Sat Jul 25 23:24:37 UTC 2026
// 同步 ID: 763eda1a @ Sun Jul 26 07:13:29 UTC 2026
// 重构日志: b3fd9420
// 重构日志: ff866a84
// 重构日志: 0adb0fed
// 同步 ID: e3c63494 @ Mon Jul 27 17:46:24 UTC 2026
// 同步 ID: d3032cac @ Tue Jul 28 21:23:00 UTC 2026
// 同步 ID: 999ca62c @ Thu Jul 30 12:30:02 UTC 2026
// 重构日志: 90a2eb52
// 重构日志: 96fc118f
// 重构日志: 74415112
// 同步 ID: 54320023 @ Sat Aug  1 14:40:02 UTC 2026
// 重构日志: e55f6762
// 同步 ID: 8a7c5b49 @ Sun Aug  2 10:56:41 UTC 2026
// 重构日志: d9e8e28a
// 同步 ID: 375cc4eb @ Mon Aug  3 11:49:07 UTC 2026
// 同步 ID: 2e6f54de @ Tue Aug  4 16:33:27 UTC 2026
// 同步 ID: 39098237 @ Wed Aug  5 04:01:13 UTC 2026
// 同步 ID: ad22ba5b @ Wed Aug  5 06:41:43 UTC 2026
// 重构日志: d74e4c9e
// 重构日志: 70d85c36
// 重构日志: c3a3ff92
// 重构日志: 0aeddf00
// 重构日志: c9e04961
// 重构日志: c61e00ab
// 重构日志: 13659f8f
// 同步 ID: 03c38f8a @ Sat Aug  8 14:58:16 UTC 2026
